link_samples.ts(16,37): error TS2551: Property 'testRequest' does not exist on type 'PrismaClient<PrismaClientOptions, never, DefaultArgs>'. Did you mean 'testrequest'?
prisma/seed.ts(24,18): error TS2551: Property 'systemRole' does not exist on type 'PrismaClient<PrismaClientOptions, never, DefaultArgs>'. Did you mean 'systemrole'?
prisma/seed.ts(41,18): error TS2551: Property 'subscriptionPlan' does not exist on type 'PrismaClient<PrismaClientOptions, never, DefaultArgs>'. Did you mean 'subscriptionplan'?
prisma/seed.ts(65,18): error TS2551: Property 'hospitalSubscription' does not exist on type 'PrismaClient<PrismaClientOptions, never, DefaultArgs>'. Did you mean 'hospitalsubscription'?
prisma/seed.ts(159,18): error TS2551: Property 'medicalRecord' does not exist on type 'PrismaClient<PrismaClientOptions, never, DefaultArgs>'. Did you mean 'medicalrecord'?
prisma/seed.ts(207,18): error TS2551: Property 'labService' does not exist on type 'PrismaClient<PrismaClientOptions, never, DefaultArgs>'. Did you mean 'labservice'?
prisma/seed.ts(220,18): error TS2551: Property 'testRequest' does not exist on type 'PrismaClient<PrismaClientOptions, never, DefaultArgs>'. Did you mean 'testrequest'?
prisma/seed.ts(259,16): error TS2551: Property 'platformSetting' does not exist on type 'PrismaClient<PrismaClientOptions, never, DefaultArgs>'. Did you mean 'platformsetting'?
seed-requests.ts(16,7): error TS2322: Type '{ name: string; address: string; phone: string; }' is not assignable to type '(Without<hospitalCreateInput, hospitalUncheckedCreateInput> & hospitalUncheckedCreateInput) | (Without<...> & hospitalCreateInput)'.
  Type '{ name: string; address: string; phone: string; }' is not assignable to type 'Without<hospitalUncheckedCreateInput, hospitalCreateInput> & hospitalCreateInput'.
    Type '{ name: string; address: string; phone: string; }' is missing the following properties from type 'hospitalCreateInput': id, updatedAt
seed-requests.ts(28,7): error TS2322: Type '{ name: string; specialization: string; phone: string; hospitalId: string; }' is not assignable to type '(Without<doctorCreateInput, doctorUncheckedCreateInput> & doctorUncheckedCreateInput) | (Without<...> & doctorCreateInput)'.
  Type '{ name: string; specialization: string; phone: string; hospitalId: string; }' is not assignable to type 'Without<doctorCreateInput, doctorUncheckedCreateInput> & doctorUncheckedCreateInput'.
    Type '{ name: string; specialization: string; phone: string; hospitalId: string; }' is missing the following properties from type 'doctorUncheckedCreateInput': id, updatedAt
seed-requests.ts(40,7): error TS2322: Type '{ name: string; specialization: string; phone: string; hospitalId: string; }' is not assignable to type '(Without<doctorCreateInput, doctorUncheckedCreateInput> & doctorUncheckedCreateInput) | (Without<...> & doctorCreateInput)'.
  Type '{ name: string; specialization: string; phone: string; hospitalId: string; }' is not assignable to type 'Without<doctorCreateInput, doctorUncheckedCreateInput> & doctorUncheckedCreateInput'.
    Type '{ name: string; specialization: string; phone: string; hospitalId: string; }' is missing the following properties from type 'doctorUncheckedCreateInput': id, updatedAt
seed-requests.ts(50,16): error TS2551: Property 'accessRequest' does not exist on type 'PrismaClient<PrismaClientOptions, never, DefaultArgs>'. Did you mean 'accessrequest'?
seed-requests.ts(59,16): error TS2551: Property 'accessRequest' does not exist on type 'PrismaClient<PrismaClientOptions, never, DefaultArgs>'. Did you mean 'accessrequest'?
seed_lab_reports.ts(31,34): error TS2551: Property 'medicalRecord' does not exist on type 'PrismaClient<PrismaClientOptions, never, DefaultArgs>'. Did you mean 'medicalrecord'?
seed_patient_records.ts(22,32): error TS2551: Property 'medicalRecord' does not exist on type 'PrismaClient<PrismaClientOptions, never, DefaultArgs>'. Did you mean 'medicalrecord'?
seed_patient_records.ts(33,36): error TS2551: Property 'medicalRecord' does not exist on type 'PrismaClient<PrismaClientOptions, never, DefaultArgs>'. Did you mean 'medicalrecord'?
seed_patients.ts(16,7): error TS2322: Type '{ name: string; specialization: string; phone: string; hospitalId: string; }' is not assignable to type '(Without<doctorCreateInput, doctorUncheckedCreateInput> & doctorUncheckedCreateInput) | (Without<...> & doctorCreateInput)'.
  Type '{ name: string; specialization: string; phone: string; hospitalId: string; }' is not assignable to type 'Without<doctorCreateInput, doctorUncheckedCreateInput> & doctorUncheckedCreateInput'.
    Type '{ name: string; specialization: string; phone: string; hospitalId: string; }' is missing the following properties from type 'doctorUncheckedCreateInput': id, updatedAt
seed_patients.ts(36,51): error TS2322: Type '{ name: string; phone: string; email: string; gender: string; dateOfBirth: Date; }' is not assignable to type '(Without<patientCreateInput, patientUncheckedCreateInput> & patientUncheckedCreateInput) | (Without<...> & patientCreateInput)'.
  Type '{ name: string; phone: string; email: string; gender: string; dateOfBirth: Date; }' is not assignable to type 'Without<patientUncheckedCreateInput, patientCreateInput> & patientCreateInput'.
    Type '{ name: string; phone: string; email: string; gender: string; dateOfBirth: Date; }' is missing the following properties from type 'patientCreateInput': id, updatedAt
seed_patients.ts(40,18): error TS2551: Property 'medicalRecord' does not exist on type 'PrismaClient<PrismaClientOptions, never, DefaultArgs>'. Did you mean 'medicalrecord'?
seed_samples.ts(27,7): error TS2322: Type '{ patientId: string; hospitalId: string; sampleType: string; status: string; }' is not assignable to type '(Without<sampleCreateInput, sampleUncheckedCreateInput> & sampleUncheckedCreateInput) | (Without<...> & sampleCreateInput)'.
  Type '{ patientId: string; hospitalId: string; sampleType: string; status: string; }' is not assignable to type 'Without<sampleCreateInput, sampleUncheckedCreateInput> & sampleUncheckedCreateInput'.
    Type '{ patientId: string; hospitalId: string; sampleType: string; status: string; }' is missing the following properties from type 'sampleUncheckedCreateInput': id, updatedAt
src/clinic/clinic.service.ts(17,9): error TS2322: Type '{ name: string; specialization: string; phone: string; hospitalId: string; }' is not assignable to type '(Without<doctorCreateInput, doctorUncheckedCreateInput> & doctorUncheckedCreateInput) | (Without<...> & doctorCreateInput)'.
  Type '{ name: string; specialization: string; phone: string; hospitalId: string; }' is not assignable to type 'Without<doctorCreateInput, doctorUncheckedCreateInput> & doctorUncheckedCreateInput'.
    Type '{ name: string; specialization: string; phone: string; hospitalId: string; }' is missing the following properties from type 'doctorUncheckedCreateInput': id, updatedAt
src/clinic/clinic.service.ts(49,42): error TS2551: Property 'medicalRecord' does not exist on type 'PrismaService'. Did you mean 'medicalrecord'?
src/clinic/clinic.service.ts(164,40): error TS2551: Property 'accessRequest' does not exist on type 'PrismaService'. Did you mean 'accessrequest'?
src/clinic/clinic.service.ts(172,46): error TS2551: Property 'accessRequest' does not exist on type 'PrismaService'. Did you mean 'accessrequest'?
src/clinic/clinic.service.ts(198,46): error TS2551: Property 'accessRequest' does not exist on type 'PrismaService'. Did you mean 'accessrequest'?
src/clinic/clinic.service.ts(212,40): error TS2551: Property 'accessRequest' does not exist on type 'PrismaService'. Did you mean 'accessrequest'?
src/clinic/clinic.service.ts(217,26): error TS2551: Property 'accessRequest' does not exist on type 'PrismaService'. Did you mean 'accessrequest'?
src/clinic/clinic.service.ts(223,24): error TS2551: Property 'accessRequest' does not exist on type 'PrismaService'. Did you mean 'accessrequest'?
src/clinic/clinic.service.ts(236,40): error TS2551: Property 'accessRequest' does not exist on type 'PrismaService'. Did you mean 'accessrequest'?
src/clinic/clinic.service.ts(240,41): error TS2551: Property 'accessRequest' does not exist on type 'PrismaService'. Did you mean 'accessrequest'?
src/clinic/clinic.service.ts(249,11): error TS2322: Type '{ hospitalId: string; type: string; title: string; message: string; actionRequired: false; isRead: false; }' is not assignable to type '(Without<notificationCreateInput, notificationUncheckedCreateInput> & notificationUncheckedCreateInput) | (Without<...> & notificationCreateInput)'.
  Type '{ hospitalId: string; type: string; title: string; message: string; actionRequired: false; isRead: false; }' is not assignable to type 'Without<notificationCreateInput, notificationUncheckedCreateInput> & notificationUncheckedCreateInput'.
    Type '{ hospitalId: string; type: string; title: string; message: string; actionRequired: false; isRead: false; }' is missing the following properties from type 'notificationUncheckedCreateInput': id, updatedAt
src/clinic/clinic.service.ts(269,38): error TS2551: Property 'accessRequest' does not exist on type 'PrismaService'. Did you mean 'accessrequest'?
src/clinic/clinic.service.ts(277,39): error TS2551: Property 'medicalRecord' does not exist on type 'PrismaService'. Did you mean 'medicalrecord'?
src/clinic/clinic.service.ts(332,7): error TS2322: Type '{ patientId: string; doctorId: string; hospitalId: string | null; medicine: string; dosage: string; duration: string; status: string; }' is not assignable to type '(Without<prescriptionCreateInput, prescriptionUncheckedCreateInput> & prescriptionUncheckedCreateInput) | (Without<...> & prescriptionCreateInput)'.
  Type '{ patientId: string; doctorId: string; hospitalId: string | null; medicine: string; dosage: string; duration: string; status: string; }' is not assignable to type 'Without<prescriptionCreateInput, prescriptionUncheckedCreateInput> & prescriptionUncheckedCreateInput'.
    Type '{ patientId: string; doctorId: string; hospitalId: string | null; medicine: string; dosage: string; duration: string; status: string; }' is missing the following properties from type 'prescriptionUncheckedCreateInput': id, updatedAt
src/clinic/clinic.service.ts(344,25): error TS2551: Property 'testRequest' does not exist on type 'PrismaService'. Did you mean 'testrequest'?
src/clinic/clinic.service.ts(357,9): error TS2322: Type '{ hospitalId: string; type: string; title: string; message: string; isRead: false; actionRequired: true; }' is not assignable to type '(Without<notificationCreateInput, notificationUncheckedCreateInput> & notificationUncheckedCreateInput) | (Without<...> & notificationCreateInput)'.
  Type '{ hospitalId: string; type: string; title: string; message: string; isRead: false; actionRequired: true; }' is not assignable to type 'Without<notificationCreateInput, notificationUncheckedCreateInput> & notificationUncheckedCreateInput'.
    Type '{ hospitalId: string; type: string; title: string; message: string; isRead: false; actionRequired: true; }' is missing the following properties from type 'notificationUncheckedCreateInput': id, updatedAt
src/clinic/clinic.service.ts(404,40): error TS2551: Property 'accessRequest' does not exist on type 'PrismaService'. Did you mean 'accessrequest'?
src/clinic/clinic.service.ts(408,39): error TS2551: Property 'medicalRecord' does not exist on type 'PrismaService'. Did you mean 'medicalrecord'?
src/clinic/clinic.service.ts(429,24): error TS2551: Property 'medicalRecord' does not exist on type 'PrismaService'. Did you mean 'medicalrecord'?
src/hospital/hospital.service.ts(25,44): error TS2551: Property 'medicalRecord' does not exist on type 'PrismaService'. Did you mean 'medicalrecord'?
src/hospital/hospital.service.ts(29,40): error TS2551: Property 'accessRequest' does not exist on type 'PrismaService'. Did you mean 'accessrequest'?
src/hospital/hospital.service.ts(79,9): error TS2561: Object literal may only specify known properties, but 'appointments' does not exist in type 'doctorInclude<DefaultArgs>'. Did you mean to write 'appointment'?
src/hospital/hospital.service.ts(87,21): error TS2339: Property 'appointments' does not exist on type '{ id: string; name: string; address: string | null; phone: string; email: string | null; createdAt: Date; updatedAt: Date; status: string; hospitalId: string | null; specialization: string; bio: string | null; department: string | null; experience: string | null; registrationNo: string | null; }'.
src/hospital/hospital.service.ts(95,7): error TS2322: Type '{ name: any; specialization: any; status: any; phone: any; hospitalId: string; }' is not assignable to type '(Without<doctorCreateInput, doctorUncheckedCreateInput> & doctorUncheckedCreateInput) | (Without<...> & doctorCreateInput)'.
  Type '{ name: any; specialization: any; status: any; phone: any; hospitalId: string; }' is not assignable to type 'Without<doctorCreateInput, doctorUncheckedCreateInput> & doctorUncheckedCreateInput'.
    Type '{ name: any; specialization: any; status: any; phone: any; hospitalId: string; }' is missing the following properties from type 'doctorUncheckedCreateInput': id, updatedAt
src/hospital/hospital.service.ts(126,18): error TS2561: Object literal may only specify known properties, but 'appointments' does not exist in type 'doctorInclude<DefaultArgs>'. Did you mean to write 'appointment'?
src/hospital/hospital.service.ts(133,25): error TS2339: Property 'appointments' does not exist on type '{ id: string; name: string; address: string | null; phone: string; email: string | null; createdAt: Date; updatedAt: Date; status: string; hospitalId: string | null; specialization: string; bio: string | null; department: string | null; experience: string | null; registrationNo: string | null; }'.
src/hospital/hospital.service.ts(145,23): error TS2551: Property 'accessRequest' does not exist on type 'PrismaService'. Did you mean 'accessrequest'?
src/hospital/hospital.service.ts(165,9): error TS2353: Object literal may only specify known properties, and 'records' does not exist in type 'patientInclude<DefaultArgs>'.
src/hospital/hospital.service.ts(183,27): error TS2339: Property 'records' does not exist on type '{ id: string; name: string; phone: string; email: string | null; createdAt: Date; updatedAt: Date; dateOfBirth: Date | null; bloodGroup: string | null; gender: string | null; }'.
src/hospital/hospital.service.ts(197,40): error TS2551: Property 'accessRequest' does not exist on type 'PrismaService'. Did you mean 'accessrequest'?
src/hospital/hospital.service.ts(210,39): error TS2551: Property 'accessRequest' does not exist on type 'PrismaService'. Did you mean 'accessrequest'?
src/hospital/hospital.service.ts(254,39): error TS2551: Property 'testRequest' does not exist on type 'PrismaService'. Did you mean 'testrequest'?
src/hospital/hospital.service.ts(268,9): error TS2322: Type '{ hospitalId: any; type: string; title: string; message: string; actionRequired: true; }' is not assignable to type '(Without<notificationCreateInput, notificationUncheckedCreateInput> & notificationUncheckedCreateInput) | (Without<...> & notificationCreateInput)'.
  Type '{ hospitalId: any; type: string; title: string; message: string; actionRequired: true; }' is not assignable to type 'Without<notificationUncheckedCreateInput, notificationCreateInput> & notificationCreateInput'.
    Type '{ hospitalId: any; type: string; title: string; message: string; actionRequired: true; }' is missing the following properties from type 'notificationCreateInput': id, updatedAt
src/hospital/hospital.service.ts(298,9): error TS2353: Object literal may only specify known properties, and 'records' does not exist in type 'patientWhereInput'.
src/hospital/hospital.service.ts(305,9): error TS2353: Object literal may only specify known properties, and 'records' does not exist in type 'patientInclude<DefaultArgs>'.
src/hospital/hospital.service.ts(315,23): error TS2339: Property 'records' does not exist on type '{ id: string; name: string; phone: string; email: string | null; createdAt: Date; updatedAt: Date; dateOfBirth: Date | null; bloodGroup: string | null; gender: string | null; }'.
src/hospital/hospital.service.ts(316,25): error TS2339: Property 'records' does not exist on type '{ id: string; name: string; phone: string; email: string | null; createdAt: Date; updatedAt: Date; dateOfBirth: Date | null; bloodGroup: string | null; gender: string | null; }'.
src/hospital/hospital.service.ts(316,48): error TS2339: Property 'records' does not exist on type '{ id: string; name: string; phone: string; email: string | null; createdAt: Date; updatedAt: Date; dateOfBirth: Date | null; bloodGroup: string | null; gender: string | null; }'.
src/hospital/hospital.service.ts(326,9): error TS2353: Object literal may only specify known properties, and 'records' does not exist in type 'patientInclude<DefaultArgs>'.
src/hospital/hospital.service.ts(342,28): error TS2339: Property 'records' does not exist on type '{ id: string; name: string; phone: string; email: string | null; createdAt: Date; updatedAt: Date; dateOfBirth: Date | null; bloodGroup: string | null; gender: string | null; }'.
src/hospital/hospital.service.ts(342,57): error TS2339: Property 'records' does not exist on type '{ id: string; name: string; phone: string; email: string | null; createdAt: Date; updatedAt: Date; dateOfBirth: Date | null; bloodGroup: string | null; gender: string | null; }'.
src/hospital/hospital.service.ts(343,31): error TS2339: Property 'records' does not exist on type '{ id: string; name: string; phone: string; email: string | null; createdAt: Date; updatedAt: Date; dateOfBirth: Date | null; bloodGroup: string | null; gender: string | null; }'.
src/hospital/hospital.service.ts(346,24): error TS2339: Property 'records' does not exist on type '{ id: string; name: string; phone: string; email: string | null; createdAt: Date; updatedAt: Date; dateOfBirth: Date | null; bloodGroup: string | null; gender: string | null; }'.
src/hospital/hospital.service.ts(363,7): error TS2322: Type '{ name: any; phone: any; email: any; gender: any; updatedAt: Date; }' is not assignable to type '(Without<patientCreateInput, patientUncheckedCreateInput> & patientUncheckedCreateInput) | (Without<...> & patientCreateInput)'.
  Type '{ name: any; phone: any; email: any; gender: any; updatedAt: Date; }' is not assignable to type 'Without<patientUncheckedCreateInput, patientCreateInput> & patientCreateInput'.
    Property 'id' is missing in type '{ name: any; phone: any; email: any; gender: any; updatedAt: Date; }' but required in type 'patientCreateInput'.
src/hospital/hospital.service.ts(374,38): error TS2551: Property 'medicalRecord' does not exist on type 'PrismaService'. Did you mean 'medicalrecord'?
src/hospital/hospital.service.ts(417,38): error TS2551: Property 'medicalRecord' does not exist on type 'PrismaService'. Did you mean 'medicalrecord'?
src/hospital/hospital.service.ts(442,13): error TS2561: Object literal may only specify known properties, but 'appointments' does not exist in type 'patientWhereInput'. Did you mean to write 'appointment'?
src/hospital/hospital.service.ts(443,13): error TS2353: Object literal may only specify known properties, and 'records' does not exist in type 'patientWhereInput'.
src/hospital/hospital.service.ts(444,13): error TS2561: Object literal may only specify known properties, but 'accessRequests' does not exist in type 'patientWhereInput'. Did you mean to write 'accessrequest'?
src/hospital/hospital.service.ts(476,7): error TS2322: Type '{ patientId: any; hospitalId: string; consultationFee: any; testFee: any; totalAmount: any; status: any; }' is not assignable to type '(Without<invoiceCreateInput, invoiceUncheckedCreateInput> & invoiceUncheckedCreateInput) | (Without<...> & invoiceCreateInput)'.
  Type '{ patientId: any; hospitalId: string; consultationFee: any; testFee: any; totalAmount: any; status: any; }' is not assignable to type 'Without<invoiceCreateInput, invoiceUncheckedCreateInput> & invoiceUncheckedCreateInput'.
    Type '{ patientId: any; hospitalId: string; consultationFee: any; testFee: any; totalAmount: any; status: any; }' is missing the following properties from type 'invoiceUncheckedCreateInput': id, updatedAt
src/hospital/hospital.service.ts(488,7): error TS2322: Type '{ hospitalId: string; type: string; title: string; message: string; actionRequired: false; }' is not assignable to type '(Without<notificationCreateInput, notificationUncheckedCreateInput> & notificationUncheckedCreateInput) | (Without<...> & notificationCreateInput)'.
  Type '{ hospitalId: string; type: string; title: string; message: string; actionRequired: false; }' is not assignable to type 'Without<notificationCreateInput, notificationUncheckedCreateInput> & notificationUncheckedCreateInput'.
    Type '{ hospitalId: string; type: string; title: string; message: string; actionRequired: false; }' is missing the following properties from type 'notificationUncheckedCreateInput': id, updatedAt
src/hospital/hospital.service.ts(508,9): error TS2561: Object literal may only specify known properties, but 'appointments' does not exist in type 'doctorInclude<DefaultArgs>'. Did you mean to write 'appointment'?
src/hospital/hospital.service.ts(512,44): error TS2551: Property 'medicalRecord' does not exist on type 'PrismaService'. Did you mean 'medicalrecord'?
src/hospital/hospital.service.ts(527,41): error TS2339: Property 'appointments' does not exist on type '{ id: string; name: string; address: string | null; phone: string; email: string | null; createdAt: Date; updatedAt: Date; status: string; hospitalId: string | null; specialization: string; bio: string | null; department: string | null; experience: string | null; registrationNo: string | null; }'.
src/hospital/hospital.service.ts(528,28): error TS2339: Property 'appointments' does not exist on type '{ id: string; name: string; address: string | null; phone: string; email: string | null; createdAt: Date; updatedAt: Date; status: string; hospitalId: string | null; specialization: string; bio: string | null; department: string | null; experience: string | null; registrationNo: string | null; }'.
src/hospital/hospital.service.ts(629,9): error TS2561: Object literal may only specify known properties, but 'appointments' does not exist in type 'doctorInclude<DefaultArgs>'. Did you mean to write 'appointment'?
src/hospital/hospital.service.ts(633,44): error TS2551: Property 'medicalRecord' does not exist on type 'PrismaService'. Did you mean 'medicalrecord'?
src/hospital/hospital.service.ts(649,32): error TS2339: Property 'appointments' does not exist on type '{ id: string; name: string; address: string | null; phone: string; email: string | null; createdAt: Date; updatedAt: Date; status: string; hospitalId: string | null; specialization: string; bio: string | null; department: string | null; experience: string | null; registrationNo: string | null; }'.
src/hospital/hospital.service.ts(650,28): error TS2339: Property 'appointments' does not exist on type '{ id: string; name: string; address: string | null; phone: string; email: string | null; createdAt: Date; updatedAt: Date; status: string; hospitalId: string | null; specialization: string; bio: string | null; department: string | null; experience: string | null; registrationNo: string | null; }'.
src/hospital/hospital.service.ts(652,11): error TS2339: Property 'appointments' does not exist on type '{ id: string; name: string; address: string | null; phone: string; email: string | null; createdAt: Date; updatedAt: Date; status: string; hospitalId: string | null; specialization: string; bio: string | null; department: string | null; experience: string | null; registrationNo: string | null; }'.
src/laboratory/laboratory.service.ts(17,9): error TS2322: Type '{ name: string; address: string; phone: string; email: string; }' is not assignable to type '(Without<hospitalCreateInput, hospitalUncheckedCreateInput> & hospitalUncheckedCreateInput) | (Without<...> & hospitalCreateInput)'.
  Type '{ name: string; address: string; phone: string; email: string; }' is not assignable to type 'Without<hospitalUncheckedCreateInput, hospitalCreateInput> & hospitalCreateInput'.
    Type '{ name: string; address: string; phone: string; email: string; }' is missing the following properties from type 'hospitalCreateInput': id, updatedAt
src/laboratory/laboratory.service.ts(31,43): error TS2551: Property 'testRequest' does not exist on type 'PrismaService'. Did you mean 'testrequest'?
src/laboratory/laboratory.service.ts(95,40): error TS2551: Property 'testRequest' does not exist on type 'PrismaService'. Did you mean 'testrequest'?
src/laboratory/laboratory.service.ts(126,35): error TS2551: Property 'testRequest' does not exist on type 'PrismaService'. Did you mean 'testrequest'?
src/laboratory/laboratory.service.ts(135,39): error TS2551: Property 'testRequest' does not exist on type 'PrismaService'. Did you mean 'testrequest'?
src/laboratory/laboratory.service.ts(144,9): error TS2322: Type '{ hospitalId: any; type: string; title: string; message: string; isRead: false; actionRequired: false; }' is not assignable to type '(Without<notificationCreateInput, notificationUncheckedCreateInput> & notificationUncheckedCreateInput) | (Without<...> & notificationCreateInput)'.
  Type '{ hospitalId: any; type: string; title: string; message: string; isRead: false; actionRequired: false; }' is not assignable to type 'Without<notificationUncheckedCreateInput, notificationCreateInput> & notificationCreateInput'.
    Type '{ hospitalId: any; type: string; title: string; message: string; isRead: false; actionRequired: false; }' is missing the following properties from type 'notificationCreateInput': id, updatedAt
src/laboratory/laboratory.service.ts(160,39): error TS2551: Property 'medicalRecord' does not exist on type 'PrismaService'. Did you mean 'medicalrecord'?
src/laboratory/laboratory.service.ts(199,38): error TS2551: Property 'medicalRecord' does not exist on type 'PrismaService'. Did you mean 'medicalrecord'?
src/laboratory/laboratory.service.ts(212,41): error TS2551: Property 'testRequest' does not exist on type 'PrismaService'. Did you mean 'testrequest'?
src/laboratory/laboratory.service.ts(216,27): error TS2551: Property 'testRequest' does not exist on type 'PrismaService'. Did you mean 'testrequest'?
src/laboratory/laboratory.service.ts(234,9): error TS2561: Object literal may only specify known properties, but 'testRequest' does not exist in type 'sampleInclude<DefaultArgs>'. Did you mean to write 'testrequest'?
src/laboratory/laboratory.service.ts(242,24): error TS2551: Property 'patient' does not exist on type '{ id: string; createdAt: Date; updatedAt: Date; status: string; sampleType: string; patientId: string; testRequestId: string | null; hospitalId: string | null; }'. Did you mean 'patientId'?
src/laboratory/laboratory.service.ts(244,17): error TS2551: Property 'testRequest' does not exist on type '{ id: string; createdAt: Date; updatedAt: Date; status: string; sampleType: string; patientId: string; testRequestId: string | null; hospitalId: string | null; }'. Did you mean 'testRequestId'?
src/laboratory/laboratory.service.ts(285,40): error TS2551: Property 'accessRequest' does not exist on type 'PrismaService'. Did you mean 'accessrequest'?
src/laboratory/laboratory.service.ts(304,40): error TS2551: Property 'accessRequest' does not exist on type 'PrismaService'. Did you mean 'accessrequest'?
src/laboratory/laboratory.service.ts(337,24): error TS2551: Property 'accessRequest' does not exist on type 'PrismaService'. Did you mean 'accessrequest'?
src/laboratory/laboratory.service.ts(350,36): error TS2551: Property 'accessRequest' does not exist on type 'PrismaService'. Did you mean 'accessrequest'?
src/laboratory/laboratory.service.ts(358,39): error TS2551: Property 'medicalRecord' does not exist on type 'PrismaService'. Did you mean 'medicalrecord'?
src/management/admin/admin.service.ts(14,44): error TS2551: Property 'medicalRecord' does not exist on type 'PrismaService'. Did you mean 'medicalrecord'?
src/management/admin/admin.service.ts(39,21): error TS2561: Object literal may only specify known properties, but 'doctors' does not exist in type 'HospitalCountOutputTypeSelect<DefaultArgs>'. Did you mean to write 'doctor'?
src/management/admin/admin.service.ts(48,7): error TS2322: Type '{ name: string; email: string; phone: string; address: string; licenseNumber: string | undefined; type: string; status: string; isVerified: false; }' is not assignable to type '(Without<hospitalCreateInput, hospitalUncheckedCreateInput> & hospitalUncheckedCreateInput) | (Without<...> & hospitalCreateInput)'.
  Type '{ name: string; email: string; phone: string; address: string; licenseNumber: string | undefined; type: string; status: string; isVerified: false; }' is not assignable to type 'Without<hospitalUncheckedCreateInput, hospitalCreateInput> & hospitalCreateInput'.
    Type '{ name: string; email: string; phone: string; address: string; licenseNumber: string | undefined; type: string; status: string; isVerified: false; }' is missing the following properties from type 'hospitalCreateInput': id, updatedAt
src/management/admin/admin.service.ts(62,7): error TS2322: Type '{ name: string; email: string; phone: string; password: string; role: string; hospitalId: string; }' is not assignable to type '(Without<userCreateInput, userUncheckedCreateInput> & userUncheckedCreateInput) | (Without<...> & userCreateInput)'.
  Type '{ name: string; email: string; phone: string; password: string; role: string; hospitalId: string; }' is not assignable to type 'Without<userCreateInput, userUncheckedCreateInput> & userUncheckedCreateInput'.
    Type '{ name: string; email: string; phone: string; password: string; role: string; hospitalId: string; }' is missing the following properties from type 'userUncheckedCreateInput': id, updatedAt
src/management/admin/admin.service.ts(107,21): error TS2561: Object literal may only specify known properties, but 'testRequests' does not exist in type 'HospitalCountOutputTypeSelect<DefaultArgs>'. Did you mean to write 'testrequest'?
src/management/admin/admin.service.ts(116,24): error TS2551: Property 'medicalRecord' does not exist on type 'PrismaService'. Did you mean 'medicalrecord'?
src/management/admin/admin.service.ts(126,24): error TS2551: Property 'medicalRecord' does not exist on type 'PrismaService'. Did you mean 'medicalrecord'?
src/management/admin/admin.service.ts(133,24): error TS2551: Property 'medicalRecord' does not exist on type 'PrismaService'. Did you mean 'medicalrecord'?
src/management/admin/admin.service.ts(163,7): error TS2322: Type '{ title: string; message: string; type: string; severity: string; }' is not assignable to type '(Without<notificationCreateInput, notificationUncheckedCreateInput> & notificationUncheckedCreateInput) | (Without<...> & notificationCreateInput)'.
  Type '{ title: string; message: string; type: string; severity: string; }' is not assignable to type 'Without<notificationUncheckedCreateInput, notificationCreateInput> & notificationCreateInput'.
    Type '{ title: string; message: string; type: string; severity: string; }' is missing the following properties from type 'notificationCreateInput': id, updatedAt
src/management/admin/admin.service.ts(187,46): error TS2551: Property 'testRequest' does not exist on type 'PrismaService'. Did you mean 'testrequest'?
src/management/admin/admin.service.ts(195,52): error TS2551: Property 'medicalRecord' does not exist on type 'PrismaService'. Did you mean 'medicalrecord'?
src/management/admin/admin.service.ts(196,51): error TS2551: Property 'medicalRecord' does not exist on type 'PrismaService'. Did you mean 'medicalrecord'?
src/management/admin/admin.service.ts(197,51): error TS2551: Property 'medicalRecord' does not exist on type 'PrismaService'. Did you mean 'medicalrecord'?
src/management/admin/admin.service.ts(263,9): error TS2322: Type '{ key: string; value: string; }' is not assignable to type '(Without<settingCreateInput, settingUncheckedCreateInput> & settingUncheckedCreateInput) | (Without<...> & settingCreateInput)'.
  Type '{ key: string; value: string; }' is not assignable to type 'Without<settingUncheckedCreateInput, settingCreateInput> & settingCreateInput'.
    Property 'updatedAt' is missing in type '{ key: string; value: string; }' but required in type 'settingCreateInput'.
src/management/admin/admin.service.ts(309,24): error TS2551: Property 'labService' does not exist on type 'PrismaService'. Did you mean 'labservice'?
src/management/admin/admin.service.ts(315,24): error TS2551: Property 'labService' does not exist on type 'PrismaService'. Did you mean 'labservice'?
src/management/admin/admin.service.ts(324,37): error TS2551: Property 'systemRole' does not exist on type 'PrismaService'. Did you mean 'systemrole'?
src/management/admin/admin.service.ts(344,40): error TS2551: Property 'systemRole' does not exist on type 'PrismaService'. Did you mean 'systemrole'?
src/management/admin/admin.service.ts(347,26): error TS2551: Property 'systemRole' does not exist on type 'PrismaService'. Did you mean 'systemrole'?
src/management/admin/admin.service.ts(358,24): error TS2551: Property 'systemRole' does not exist on type 'PrismaService'. Did you mean 'systemrole'?
src/management/admin/admin.service.ts(379,7): error TS2322: Type '{ name: string; email: string; phone: string; password: string; role: string; }' is not assignable to type '(Without<userCreateInput, userUncheckedCreateInput> & userUncheckedCreateInput) | (Without<...> & userCreateInput)'.
  Type '{ name: string; email: string; phone: string; password: string; role: string; }' is not assignable to type 'Without<userUncheckedCreateInput, userCreateInput> & userCreateInput'.
    Type '{ name: string; email: string; phone: string; password: string; role: string; }' is missing the following properties from type 'userCreateInput': id, updatedAt
src/management/super-admin/super-admin.service.ts(13,44): error TS2551: Property 'medicalRecord' does not exist on type 'PrismaService'. Did you mean 'medicalrecord'?
src/patient/patient.service.ts(18,9): error TS2322: Type '{ email: string; name: string; phone: string; bloodGroup: string; }' is not assignable to type '(Without<patientCreateInput, patientUncheckedCreateInput> & patientUncheckedCreateInput) | (Without<...> & patientCreateInput)'.
  Type '{ email: string; name: string; phone: string; bloodGroup: string; }' is not assignable to type 'Without<patientUncheckedCreateInput, patientCreateInput> & patientCreateInput'.
    Type '{ email: string; name: string; phone: string; bloodGroup: string; }' is missing the following properties from type 'patientCreateInput': id, updatedAt
src/patient/patient.service.ts(36,39): error TS2551: Property 'medicalRecord' does not exist on type 'PrismaService'. Did you mean 'medicalrecord'?
src/patient/patient.service.ts(116,39): error TS2551: Property 'medicalRecord' does not exist on type 'PrismaService'. Did you mean 'medicalrecord'?
src/patient/patient.service.ts(161,41): error TS2551: Property 'medicalRecord' does not exist on type 'PrismaService'. Did you mean 'medicalrecord'?
src/patient/patient.service.ts(222,9): error TS2322: Type '{ name: any; phone: any; bloodGroup: any; gender: any; dateOfBirth: Date | null; email: string; }' is not assignable to type '(Without<patientCreateInput, patientUncheckedCreateInput> & patientUncheckedCreateInput) | (Without<...> & patientCreateInput)'.
  Type '{ name: any; phone: any; bloodGroup: any; gender: any; dateOfBirth: Date | null; email: string; }' is not assignable to type 'Without<patientUncheckedCreateInput, patientCreateInput> & patientCreateInput'.
    Type '{ name: any; phone: any; bloodGroup: any; gender: any; dateOfBirth: Date | null; email: string; }' is missing the following properties from type 'patientCreateInput': id, updatedAt
src/patient/patient.service.ts(236,39): error TS2551: Property 'medicalRecord' does not exist on type 'PrismaService'. Did you mean 'medicalrecord'?
src/patient/patient.service.ts(258,41): error TS2551: Property 'medicalRecord' does not exist on type 'PrismaService'. Did you mean 'medicalrecord'?
src/patient/patient.service.ts(280,40): error TS2551: Property 'accessRequest' does not exist on type 'PrismaService'. Did you mean 'accessrequest'?
src/patient/patient.service.ts(303,35): error TS2551: Property 'accessRequest' does not exist on type 'PrismaService'. Did you mean 'accessrequest'?
src/patient/patient.service.ts(306,39): error TS2551: Property 'accessRequest' does not exist on type 'PrismaService'. Did you mean 'accessrequest'?
